<ul>
  <li dir="ltr" value="1"><span data-lexical-text="true">note0</span></li>
  <li class="position-relative li-nested" value="2">
    <ul>
      <li dir="ltr" value="1">
        <span data-lexical-text="true">sub note 0note1</span>
      </li>
      <li dir="ltr" value="2">
        <span data-lexical-text="true">sub note 1</span>
      </li>
    </ul>
  </li>
</ul>