root:
  type: root
  children:
  - type: list
    children:
    - type: listitem
      children:
      - text: note0
        type: text
    - type: listitem
      children:
      - type: list
        children:
        - indent: 1
          type: listitem
          children:
          - text: note00
            type: text
