// Vitest Snapshot v1

exports[`create > minimize 1`] = `
"root:
  type: root
  children:
  - type: list
    children:
    - type: listitem
      children:
      - text: note0
        type: text
    - type: listitem
      children:
      - type: list
        children:
        - indent: 1
          type: listitem
          children:
          - text: note1
            type: text
"
`;
