<ul>
  <li class="note-folded" dir="ltr" value="1">
    <span data-lexical-text="true">note0</span>
  </li>
  <li class="position-relative li-nested" value="2">
    <ul>
      <li dir="ltr" value="1"><span data-lexical-text="true">note1</span></li>
    </ul>
  </li>
  <li value="2"><br /></li>
</ul>