<ul>
  <li dir="ltr" value="1"><span data-lexical-text="true">note0</span></li>
  <li value="2">
    <ul>
      <li dir="ltr" value="1"><span data-lexical-text="true">note00</span></li>
    </ul>
  </li>
</ul>